node.exe : npm warn 
"build_output.txt" is being 
parsed as a normal command line 
argument.
At line:1 char:1
+ & "C:\Program 
Files\nodejs/node.exe" 
"C:\Users\Smart\AppData\Roaming\ 
...
+ ~~~~~~~~~~~~~~~~~~~~~~~~~~~~~~~
~~~~~~~~~~~~~~~~~~~~~~~~~~~~~~~~~
~~~~~
    + CategoryInfo          : No 
   tSpecified: (npm warn "build  
  ... line argument.:String) [   
 ], RemoteException
    + FullyQualifiedErrorId : Na 
   tiveCommandError
 
npm warn Unknown cli config 
"--Path". This will stop working 
in the next major version of npm.

> real-estate@0.1.0 build
> tsc && vite build Check-Content build_output.txt

[36mvite v6.4.1 [32mbuilding for production...[36m[39m
[32mΓ£ô[39m 0 modules transformed.
[31mΓ£ù[39m Build failed in 
11ms
[31merror during build:
[31mCould not resolve entry 
module 
"Check-Content/index.html".[31m
    at getRollupError (file:///D:
/work/real-estate/node_modules/ro
llup/dist/es/shared/parseAst.js:4
02:41)
    at error (file:///D:/work/rea
l-estate/node_modules/rollup/dist
/es/shared/parseAst.js:398:42)
    at 
ModuleLoader.loadEntryModule (fil
e:///D:/work/real-estate/node_mod
ules/rollup/dist/es/shared/node-e
ntry.js:21705:20)
    at async Promise.all (index 
0)[39m
